kotlin version: 2.1.0
error message: org.jetbrains.kotlin.backend.common.CompilationException: Back-end: Please report this problem https://kotl.in/issue
/home/michael/AndroidProjects/MyProjects/Compose/TePapaCollections/app/src/main/java/com/michaelrmossman/collections/model/SearchResults.kt:8:1
Problem with `@Serializable
@StabilityInferred(parameters = 0)
data class SearchResults {
  constructor(results: List<Taxon>, metaDataSet: MetaDataSet) /* primary */ {
    super/*Any*/()
    /* <init>() */

  }

  @Contextual
  val results: List<Taxon>
    field = results
    get

  @SerialName(value = "_metadata")
  val metaDataSet: MetaDataSet
    field = metaDataSet
    get

  companion object Companion {
    private constructor() /* primary */ {
      super/*Any*/()
      /* <init>() */

    }

    fun serializer(): KSerializer<SearchResults>

    /* fake */ override operator fun equals(other: Any?): Boolean

    /* fake */ override fun hashCode(): Int

    /* fake */ override fun toString(): String

  }

  @Deprecated(message = "This synthesized declaration should not be used directly", level = DeprecationLevel.HIDDEN)
  @StabilityInferred(parameters = 0)
  object $serializer : GeneratedSerializer<SearchResults> {
    private constructor() /* primary */ {
      super/*Any*/()
      /* <init>() */

    }

    override fun serialize(encoder: Encoder, value: SearchResults)

    override fun deserialize(decoder: Decoder): SearchResults

    override val descriptor: SerialDescriptor
      override get

    override fun childSerializers(): Array<KSerializer<*>>

    /* fake */ override fun typeParametersSerializers(): Array<KSerializer<*>>

    /* fake */ override operator fun equals(other: Any?): Boolean

    /* fake */ override fun hashCode(): Int

    /* fake */ override fun toString(): String

    /* static final field */ val $stable: Int = 8
  }

  operator fun component1(): List<Taxon> {
    return <this>.#results
  }

  operator fun component2(): MetaDataSet {
    return <this>.#metaDataSet
  }

  fun copy(results: List<Taxon> = <this>.#results, metaDataSet: MetaDataSet = <this>.#metaDataSet): SearchResults {
    return SearchResults(results = results, metaDataSet = metaDataSet)
  }

  override fun toString(): String {
    return "SearchResults(" + "results=" + <this>.#results + ", " + "metaDataSet=" + <this>.#metaDataSet + ")"
  }

  override fun hashCode(): Int {
    var result: Int = <this>.#results.hashCode()
    result = result.times(other = 31).plus(other = <this>.#metaDataSet.hashCode())
    return result
  }

  override operator fun equals(other: Any?): Boolean {
    when {
      EQEQEQ(arg0 = <this>, arg1 = other) -> return true
    }
    when {
      other !is SearchResults -> return false
    }
    val tmp0_other_with_cast: SearchResults = other as SearchResults
    when {
      EQEQ(arg0 = <this>.#results, arg1 = tmp0_other_with_cast.#results).not() -> return false
    }
    when {
      EQEQ(arg0 = <this>.#metaDataSet, arg1 = tmp0_other_with_cast.#metaDataSet).not() -> return false
    }
    return true
  }

  /* static final field */ val $stable: Int = 8
  @JvmStatic
  internal /* static */ fun write$Self(self: SearchResults, output: CompositeEncoder, serialDesc: SerialDescriptor)

  internal constructor(seen0: Int, results: List<Taxon>?, metaDataSet: MetaDataSet?, serializationConstructorMarker: SerializationConstructorMarker?)

}

`
Details: kotlinx.serialization compiler plugin internal error: unable to transform declaration, see cause
	at org.jetbrains.kotlinx.serialization.compiler.extensions.SerializerClassLowering.lower(SerializationLoweringExtension.kt:230)
	at org.jetbrains.kotlinx.serialization.compiler.extensions.SerializationLoweringExtensionKt$runOnFileInOrder$1.visitClass(SerializationLoweringExtension.kt:46)
	at org.jetbrains.kotlin.ir.visitors.IrElementVisitorVoid$DefaultImpls.visitClass(IrElementVisitorVoid.kt:48)
	at org.jetbrains.kotlinx.serialization.compiler.extensions.SerializationLoweringExtensionKt$runOnFileInOrder$1.visitClass(SerializationLoweringExtension.kt:40)
	at org.jetbrains.kotlinx.serialization.compiler.extensions.SerializationLoweringExtensionKt$runOnFileInOrder$1.visitClass(SerializationLoweringExtension.kt:40)
	at org.jetbrains.kotlin.ir.declarations.IrClass.accept(IrClass.kt:72)
	at org.jetbrains.kotlin.ir.declarations.IrFile.acceptChildren(IrFile.kt:34)
	at org.jetbrains.kotlin.ir.visitors.IrVisitorsKt.acceptChildrenVoid(IrVisitors.kt:15)
	at org.jetbrains.kotlinx.serialization.compiler.extensions.SerializationLoweringExtensionKt$runOnFileInOrder$1.visitElement(SerializationLoweringExtension.kt:42)
	at org.jetbrains.kotlin.ir.visitors.IrElementVisitorVoid$DefaultImpls.visitPackageFragment(IrElementVisitorVoid.kt:172)
	at org.jetbrains.kotlinx.serialization.compiler.extensions.SerializationLoweringExtensionKt$runOnFileInOrder$1.visitPackageFragment(SerializationLoweringExtension.kt:40)
	at org.jetbrains.kotlin.ir.visitors.IrElementVisitorVoid$DefaultImpls.visitFile(IrElementVisitorVoid.kt:188)
	at org.jetbrains.kotlinx.serialization.compiler.extensions.SerializationLoweringExtensionKt$runOnFileInOrder$1.visitFile(SerializationLoweringExtension.kt:40)
	at org.jetbrains.kotlin.ir.visitors.IrElementVisitorVoid$DefaultImpls.visitFile(IrElementVisitorVoid.kt:184)
	at org.jetbrains.kotlinx.serialization.compiler.extensions.SerializationLoweringExtensionKt$runOnFileInOrder$1.visitFile(SerializationLoweringExtension.kt:40)
	at org.jetbrains.kotlinx.serialization.compiler.extensions.SerializationLoweringExtensionKt$runOnFileInOrder$1.visitFile(SerializationLoweringExtension.kt:40)
	at org.jetbrains.kotlin.ir.declarations.IrFile.accept(IrFile.kt:28)
	at org.jetbrains.kotlin.ir.visitors.IrVisitorsKt.acceptVoid(IrVisitors.kt:11)
	at org.jetbrains.kotlinx.serialization.compiler.extensions.SerializationLoweringExtensionKt.runOnFileInOrder(SerializationLoweringExtension.kt:40)
	at org.jetbrains.kotlinx.serialization.compiler.extensions.SerializationLoweringExtension.generate(SerializationLoweringExtension.kt:194)
	at org.jetbrains.kotlin.fir.pipeline.ConvertToIrKt.applyIrGenerationExtensions(convertToIr.kt:472)
	at org.jetbrains.kotlin.fir.pipeline.Fir2IrPipeline.runActualizationPipeline(convertToIr.kt:241)
	at org.jetbrains.kotlin.fir.pipeline.Fir2IrPipeline.convertToIrAndActualize(convertToIr.kt:130)
	at org.jetbrains.kotlin.fir.pipeline.ConvertToIrKt.convertToIrAndActualize(convertToIr.kt:100)
	at org.jetbrains.kotlin.fir.pipeline.ConvertToIrKt.convertToIrAndActualize$default(convertToIr.kt:75)
	at org.jetbrains.kotlin.cli.jvm.compiler.pipeline.JvmCompilerPipelineKt.convertToIrAndActualizeForJvm(jvmCompilerPipeline.kt:134)
	at org.jetbrains.kotlin.cli.jvm.compiler.pipeline.JvmCompilerPipelineKt.convertAnalyzedFirToIr(jvmCompilerPipeline.kt:107)
	at org.jetbrains.kotlin.cli.jvm.compiler.pipeline.JvmCompilerPipelineKt.runBackend(jvmCompilerPipeline.kt:73)
	at org.jetbrains.kotlin.cli.jvm.compiler.pipeline.JvmCompilerPipelineLightTreeKt.compileModule(jvmCompilerPipelineLightTree.kt:264)
	at org.jetbrains.kotlin.cli.jvm.compiler.pipeline.JvmCompilerPipelineLightTreeKt.compileSingleModuleUsingFrontendIrAndLightTree(jvmCompilerPipelineLightTree.kt:231)
	at org.jetbrains.kotlin.cli.jvm.compiler.pipeline.JvmCompilerPipelineLightTreeKt.compileModulesUsingFrontendIrAndLightTree(jvmCompilerPipelineLightTree.kt:86)
	at org.jetbrains.kotlin.cli.jvm.K2JVMCompiler.doExecute(K2JVMCompiler.kt:146)
	at org.jetbrains.kotlin.cli.jvm.K2JVMCompiler.doExecute(K2JVMCompiler.kt:43)
	at org.jetbrains.kotlin.cli.common.CLICompiler.execImpl(CLICompiler.kt:102)
	at org.jetbrains.kotlin.cli.common.CLICompiler.exec(CLICompiler.kt:316)
	at org.jetbrains.kotlin.incremental.IncrementalJvmCompilerRunner.runCompiler(IncrementalJvmCompilerRunner.kt:464)
	at org.jetbrains.kotlin.incremental.IncrementalJvmCompilerRunner.runCompiler(IncrementalJvmCompilerRunner.kt:73)
	at org.jetbrains.kotlin.incremental.IncrementalCompilerRunner.doCompile(IncrementalCompilerRunner.kt:506)
	at org.jetbrains.kotlin.incremental.IncrementalCompilerRunner.compileImpl(IncrementalCompilerRunner.kt:423)
	at org.jetbrains.kotlin.incremental.IncrementalCompilerRunner.compileNonIncrementally(IncrementalCompilerRunner.kt:301)
	at org.jetbrains.kotlin.incremental.IncrementalCompilerRunner.compile(IncrementalCompilerRunner.kt:129)
	at org.jetbrains.kotlin.daemon.CompileServiceImplBase.execIncrementalCompiler(CompileServiceImpl.kt:674)
	at org.jetbrains.kotlin.daemon.CompileServiceImplBase.access$execIncrementalCompiler(CompileServiceImpl.kt:91)
	at org.jetbrains.kotlin.daemon.CompileServiceImpl.compile(CompileServiceImpl.kt:1659)
	at java.base/jdk.internal.reflect.DirectMethodHandleAccessor.invoke(Unknown Source)
	at java.base/java.lang.reflect.Method.invoke(Unknown Source)
	at java.rmi/sun.rmi.server.UnicastServerRef.dispatch(Unknown Source)
	at java.rmi/sun.rmi.transport.Transport$1.run(Unknown Source)
	at java.rmi/sun.rmi.transport.Transport$1.run(Unknown Source)
	at java.base/java.security.AccessController.doPrivileged(Unknown Source)
	at java.rmi/sun.rmi.transport.Transport.serviceCall(Unknown Source)
	at java.rmi/sun.rmi.transport.tcp.TCPTransport.handleMessages(Unknown Source)
	at java.rmi/sun.rmi.transport.tcp.TCPTransport$ConnectionHandler.run0(Unknown Source)
	at java.rmi/sun.rmi.transport.tcp.TCPTransport$ConnectionHandler.lambda$run$0(Unknown Source)
	at java.base/java.security.AccessController.doPrivileged(Unknown Source)
	at java.rmi/sun.rmi.transport.tcp.TCPTransport$ConnectionHandler.run(Unknown Source)
	at java.base/java.util.concurrent.ThreadPoolExecutor.runWorker(Unknown Source)
	at java.base/java.util.concurrent.ThreadPoolExecutor$Worker.run(Unknown Source)
	at java.base/java.lang.Thread.run(Unknown Source)
Caused by: java.lang.IllegalStateException: Serializer for element of type com.michaelrmossman.collections.model.SearchResult.Taxon has not been found
	at org.jetbrains.kotlinx.serialization.compiler.backend.ir.SerializerSearchUtilKt.findTypeSerializerOrContext(SerializerSearchUtil.kt:84)
	at org.jetbrains.kotlinx.serialization.compiler.backend.ir.BaseIrGenerator.serializerInstance(BaseIrGenerator.kt:721)
	at org.jetbrains.kotlinx.serialization.compiler.backend.ir.BaseIrGenerator.serializerInstance$instantiate(BaseIrGenerator.kt:554)
	at org.jetbrains.kotlinx.serialization.compiler.backend.ir.BaseIrGenerator.serializerInstance(BaseIrGenerator.kt:597)
	at org.jetbrains.kotlinx.serialization.compiler.backend.ir.BaseIrGenerator.cacheableChildSerializerInstance(BaseIrGenerator.kt:495)
	at org.jetbrains.kotlinx.serialization.compiler.backend.ir.BaseIrGenerator.createCachedChildSerializers(BaseIrGenerator.kt:467)
	at org.jetbrains.kotlinx.serialization.compiler.backend.ir.SerializableIrGenerator.<init>(SerializableIrGenerator.kt:60)
	at org.jetbrains.kotlinx.serialization.compiler.backend.ir.SerializableIrGenerator$Companion.generate(SerializableIrGenerator.kt:399)
	at org.jetbrains.kotlinx.serialization.compiler.extensions.SerializerClassLowering.lower(SerializationLoweringExtension.kt:146)
	... 58 more


